[2026-08-02 14:16:05] Starting Orion...
[2026-08-02 14:16:05] Version: 0.0.1
[2026-08-02 14:16:05] Application: Orion
[2026-08-02 14:16:05] Author: Richard Nelson
[2026-08-02 14:16:05] System Status: OK
[2026-08-02 14:16:05] Ready to build the future of home cinema.
[2026-08-02 14:18:19] Starting Orion...
[2026-08-02 14:18:19] Version: 0.0.1
[2026-08-02 14:18:19] Application: Orion
[2026-08-02 14:18:19] Author: Richard Nelson
[2026-08-02 14:18:19] NZBDAV
[2026-08-02 14:18:19] UsenetStreamer
[2026-08-02 14:18:19] NZBHydra2
[2026-08-02 14:18:19] AIOMetadata
[2026-08-02 14:18:19] AIOStreams
[2026-08-02 14:18:19] System Ready.
[2026-08-02 14:20:45] Starting Orion...
[2026-08-02 14:20:45] Version: 0.0.1
[2026-08-02 14:20:45] Application: Orion
[2026-08-02 14:20:45] Author: Richard Nelson
[2026-08-02 14:20:45] NZBDAV
[2026-08-02 14:20:45] UsenetStreamer
[2026-08-02 14:20:45] NZBHydra2
[2026-08-02 14:20:45] AIOMetadata
[2026-08-02 14:20:45] AIOStreams
[2026-08-02 14:20:45] System Ready.
[2026-08-02 14:57:45] Starting Orion...
[2026-08-02 14:57:45] Version: 0.0.1
[2026-08-02 14:57:45] Application: Orion
[2026-08-02 14:57:45] Author: Richard Nelson
[2026-08-02 14:57:45] NZBDAV (Stopped) - Port 8080
[2026-08-02 14:57:45] UsenetStreamer (Stopped) - Port 7001
[2026-08-02 14:57:45] NZBHydra2 (Stopped) - Port 5076
[2026-08-02 14:57:45] AIOMetadata (Stopped) - Port 3232
[2026-08-02 14:57:45] AIOStreams (Stopped) - Port 3000
[2026-08-02 14:57:45] System Ready.
[2026-08-02 15:05:38] Starting Orion...
[2026-08-02 15:05:38] Version: 0.0.1
[2026-08-02 15:05:38] Application: Orion
[2026-08-02 15:05:38] Author: Richard Nelson
[2026-08-02 15:05:38] NZBDAV               ✓ Running  Port 8080
[2026-08-02 15:05:38] UsenetStreamer       ✓ Running  Port 7001
[2026-08-02 15:05:38] NZBHydra2            ✓ Running  Port 5076
[2026-08-02 15:05:38] AIOMetadata          ✓ Running  Port 3232
[2026-08-02 15:05:38] AIOStreams           ✓ Running  Port 3000
[2026-08-02 15:05:38] System Ready.
[2026-08-02 15:11:07] Starting Orion...
[2026-08-02 15:11:07] Version: None
[2026-08-02 15:11:07] Application: Orion
[2026-08-02 15:11:07] Author: Richard Nelson
[2026-08-02 15:11:07] NZBDAV               ✓ Running  Port 8080
[2026-08-02 15:11:07] UsenetStreamer       ✓ Running  Port 7001
[2026-08-02 15:11:07] NZBHydra2            ✓ Running  Port 5076
[2026-08-02 15:11:07] AIOMetadata          ✓ Running  Port 3232
[2026-08-02 15:11:07] AIOStreams           ✓ Running  Port 3000
[2026-08-02 15:11:07] System Ready.
[2026-08-02 15:22:27] Starting Orion...
[2026-08-02 15:22:27] Version: None
[2026-08-02 15:22:27] Application: Orion
[2026-08-02 15:22:27] Author: Richard Nelson
[2026-08-02 15:22:27] Computer : MINI
[2026-08-02 15:22:27] OS       : Windows 11
[2026-08-02 15:22:27] Python   : 3.14.6
[2026-08-02 15:22:27] ✓ NZBDAV             Running  Port 8080
[2026-08-02 15:22:27] ✓ UsenetStreamer     Running  Port 7001
[2026-08-02 15:22:27] ✓ NZBHydra2          Running  Port 5076
[2026-08-02 15:22:27] ✓ AIOMetadata        Running  Port 3232
[2026-08-02 15:22:27] ✓ AIOStreams         Running  Port 3000
[2026-08-02 15:22:27] System Ready.
[2026-08-02 15:25:23] Starting Orion...
[2026-08-02 15:25:23] Version: 0.1.0
[2026-08-02 15:25:23] Application: Orion
[2026-08-02 15:25:23] Author: Richard Nelson
[2026-08-02 15:25:23] Computer : MINI
[2026-08-02 15:25:23] OS       : Windows 11
[2026-08-02 15:25:23] Python   : 3.14.6
[2026-08-02 15:25:23] ✓ NZBDAV             Running  Port 8080
[2026-08-02 15:25:23] ✓ UsenetStreamer     Running  Port 7001
[2026-08-02 15:25:23] ✓ NZBHydra2          Running  Port 5076
[2026-08-02 15:25:23] ✓ AIOMetadata        Running  Port 3232
[2026-08-02 15:25:23] ✓ AIOStreams         Running  Port 3000
[2026-08-02 15:25:23] System Ready.
